---
source: tui/src/app/tests.rs
assertion_line: 3731
expression: rendered
---
╭────────────────────────────────────────────────────╮
│ >_ Agents2Agents Ata (v<VERSION>)                  │
│                                                    │
│ model:     gpt-5.4 xhigh   fast   /model to change │
│ directory: /tmp/project                            │
╰────────────────────────────────────────────────────╯
