---
source: tui/src/bottom_pane/chat_composer.rs
assertion_line: 7669
expression: terminal.backend()
---
"                                                            "
"› /res                                                      "
"                                                            "
"                                                            "
"  /resume    resume a saved chat                            "
"  /research  configure research tool integrations           "
