---
source: tui/src/bottom_pane/chat_composer.rs
expression: terminal.backend()
---
"                                                            "
"› /res                                                      "
"                                                            "
"                                                            "
"  /research  toggle research tool integrations              "
"  /resume    resume a saved chat                            "
