---
source: tui/src/chatwidget/tests/side.rs
assertion_line: 401
expression: terminal.backend()
---
"                                                                                "
"                                                                                "
"› Check recently modified functions for compatibility                           "
"                                                                                "
"  gpt-5.5                                Side from main thread · Esc to return  "
